..XX...X..XXX.X.....
XXX.....X..X...X....
.........X...XXX.XX.
.....XXXXXXX...XXX.X
