
*test*message*throw_undefined.js:3
throw undefined;
^
undefined
