*test*message*throw_non_error.js:4
throw ({ foo: 'bar' });
^
[object Object]
