
*test*message*throw_null.js:3
throw null;
^
null
