(node:*) UnhandledPromiseRejectionWarning: Unhandled promise rejection (rejection id: 1)
Error: This was rejected
    at *
    at *
    at *
    at *
    at *
    at *
    at *
    at *
    at *
(node:*) [DEP0018] DeprecationWarning: Unhandled promise rejections are deprecated. In the future, promise rejections that are not handled will terminate the Node.js process with a non-zero exit code.
(node:*) PromiseRejectionHandledWarning: Promise rejection was handled asynchronously (rejection id: 1)
