(node:*) Error: This was rejected
    at * (*test*message*unhandled_promise_trace_warnings.js:*)
    at *
    at *
    at *
    at *
    at *
    at *
    at *
    at *
(node:*) PromiseRejectionHandledWarning: Promise rejection was handled asynchronously (rejection id: 1)
    at *
    at *
    at Promise.then *
    at Promise.catch *
    at Immediate.setImmediate [as _onImmediate] (*test*message*unhandled_promise_trace_warnings.js:*)
    at *
    at *
    at *
