{ err: [Error: foo\nbar], nested: { err: [Error: foo\nbar] } }
{
  err: [Error: foo\nbar],
  nested: {
    err: [Error: foo\nbar]
  }
}
{ Error: foo
bar
    at *util_inspect_error*
    at *
    at *
    at *
    at *
    at *
    at *
    at *
    at *
  foo: 'bar' }
