*(node:*) Warning: The 'NO_COLOR' env is ignored due to the 'FORCE_COLOR' env being set.
(Use the `--trace-warnings` flag to show where the warning was created)*
